
Memory Configuration

Name             Origin             Length             Attributes
*default*        0x0000000000000000 0xffffffffffffffff

Linker script and memory map

                0x0000000040000000                . = 0x40000000

.text           0x0000000040000000       0x60
 boot.o(.text)
 .text          0x0000000040000000       0x38 boot.o
                0x0000000040000000                start
 *(.text)
 .text          0x0000000040000038       0x28 teste.o
                0x0000000040000038                main

.glue_7         0x0000000040000060        0x0
 .glue_7        0x0000000040000060        0x0 linker stubs

.glue_7t        0x0000000040000060        0x0
 .glue_7t       0x0000000040000060        0x0 linker stubs

.vfp11_veneer   0x0000000040000060        0x0
 .vfp11_veneer  0x0000000040000060        0x0 linker stubs

.v4_bx          0x0000000040000060        0x0
 .v4_bx         0x0000000040000060        0x0 linker stubs

.iplt           0x0000000040000060        0x0
 .iplt          0x0000000040000060        0x0 boot.o

.rel.dyn        0x0000000040000060        0x0
 .rel.iplt      0x0000000040000060        0x0 boot.o
                0x0000000040000060                . = ALIGN (0x4)

.data           0x0000000040000060        0x0
 *(.data)
 .data          0x0000000040000060        0x0 boot.o
 .data          0x0000000040000060        0x0 teste.o

.igot.plt       0x0000000040000060        0x0
 .igot.plt      0x0000000040000060        0x0 boot.o
                0x0000000040000060                . = ALIGN (0x4)
                0x0000000040000060                bss_begin = .

.bss            0x0000000040000060        0x0
 *(.bss*)
 .bss           0x0000000040000060        0x0 boot.o
 .bss           0x0000000040000060        0x0 teste.o
                0x0000000040000060                bss_end = .
                0x0000000040000060                . = ALIGN (0x8)
                0x0000000040002060                . = (. + 0x2000)
                0x0000000040002060                stack_svr = .
LOAD boot.o
LOAD teste.o
LOAD /usr/lib/arm-none-eabi/newlib/libc.a
OUTPUT(teste.elf elf32-littlearm)
LOAD linker stubs

.ARM.attributes
                0x0000000000000000       0x2b
 .ARM.attributes
                0x0000000000000000       0x12 boot.o
 .ARM.attributes
                0x0000000000000012       0x2f teste.o

.comment        0x0000000000000000       0x59
 .comment       0x0000000000000000       0x59 teste.o
                                         0x5a (size before relaxing)

.debug_line     0x0000000000000000       0xf1
 .debug_line    0x0000000000000000       0x43 boot.o
 .debug_line    0x0000000000000043       0xae teste.o

.debug_info     0x0000000000000000      0x954
 .debug_info    0x0000000000000000       0x26 boot.o
 .debug_info    0x0000000000000026      0x92e teste.o

.debug_abbrev   0x0000000000000000      0x1e3
 .debug_abbrev  0x0000000000000000       0x14 boot.o
 .debug_abbrev  0x0000000000000014      0x1cf teste.o

.debug_aranges  0x0000000000000000       0x40
 .debug_aranges
                0x0000000000000000       0x20 boot.o
 .debug_aranges
                0x0000000000000020       0x20 teste.o

.debug_str      0x0000000000000000      0x4ed
 .debug_str     0x0000000000000000       0x40 boot.o
 .debug_str     0x0000000000000040      0x4ad teste.o
                                        0x52c (size before relaxing)

.debug_frame    0x0000000000000000       0x30
 .debug_frame   0x0000000000000000       0x30 teste.o
