Archive member included to satisfy reference by file (symbol)

/usr/lib/arm-none-eabi/newlib/libc.a(lib_a-malloc.o)
                              teste.o (malloc)
/usr/lib/arm-none-eabi/newlib/libc.a(lib_a-mallocr.o)
                              /usr/lib/arm-none-eabi/newlib/libc.a(lib_a-malloc.o) (_malloc_r)
/usr/lib/arm-none-eabi/newlib/libc.a(lib_a-memset.o)
                              teste.o (memset)
/usr/lib/arm-none-eabi/newlib/libc.a(lib_a-mlock.o)
                              /usr/lib/arm-none-eabi/newlib/libc.a(lib_a-mallocr.o) (__malloc_lock)
/usr/lib/arm-none-eabi/newlib/libc.a(lib_a-putchar.o)
                              teste.o (putchar)
/usr/lib/arm-none-eabi/newlib/libc.a(lib_a-sbrkr.o)
                              /usr/lib/arm-none-eabi/newlib/libc.a(lib_a-mallocr.o) (_sbrk_r)
/usr/lib/arm-none-eabi/newlib/libc.a(lib_a-freer.o)
                              /usr/lib/arm-none-eabi/newlib/libc.a(lib_a-malloc.o) (_free_r)
/usr/lib/arm-none-eabi/newlib/libc.a(lib_a-impure.o)
                              /usr/lib/arm-none-eabi/newlib/libc.a(lib_a-malloc.o) (_impure_ptr)
/usr/lib/arm-none-eabi/newlib/libc.a(lib_a-putc.o)
                              /usr/lib/arm-none-eabi/newlib/libc.a(lib_a-putchar.o) (_putc_r)
/usr/lib/arm-none-eabi/newlib/libc.a(lib_a-reent.o)
                              /usr/lib/arm-none-eabi/newlib/libc.a(lib_a-sbrkr.o) (errno)
/usr/lib/arm-none-eabi/newlib/libc.a(lib_a-wbuf.o)
                              /usr/lib/arm-none-eabi/newlib/libc.a(lib_a-putc.o) (__swbuf_r)
/usr/lib/arm-none-eabi/newlib/libc.a(lib_a-wsetup.o)
                              /usr/lib/arm-none-eabi/newlib/libc.a(lib_a-wbuf.o) (__swsetup_r)
/usr/lib/arm-none-eabi/newlib/libc.a(lib_a-fflush.o)
                              /usr/lib/arm-none-eabi/newlib/libc.a(lib_a-wbuf.o) (_fflush_r)
/usr/lib/arm-none-eabi/newlib/libc.a(lib_a-findfp.o)
                              /usr/lib/arm-none-eabi/newlib/libc.a(lib_a-putc.o) (__sinit)
/usr/lib/arm-none-eabi/newlib/libc.a(lib_a-fwalk.o)
                              /usr/lib/arm-none-eabi/newlib/libc.a(lib_a-findfp.o) (_fwalk)
/usr/lib/arm-none-eabi/newlib/libc.a(lib_a-makebuf.o)
                              /usr/lib/arm-none-eabi/newlib/libc.a(lib_a-wsetup.o) (__smakebuf_r)
/usr/lib/arm-none-eabi/newlib/libc.a(lib_a-stdio.o)
                              /usr/lib/arm-none-eabi/newlib/libc.a(lib_a-findfp.o) (__sread)
/usr/lib/arm-none-eabi/newlib/libc.a(lib_a-writer.o)
                              /usr/lib/arm-none-eabi/newlib/libc.a(lib_a-stdio.o) (_write_r)
/usr/lib/arm-none-eabi/newlib/libc.a(lib_a-closer.o)
                              /usr/lib/arm-none-eabi/newlib/libc.a(lib_a-stdio.o) (_close_r)
/usr/lib/arm-none-eabi/newlib/libc.a(lib_a-fclose.o)
                              /usr/lib/arm-none-eabi/newlib/libc.a(lib_a-findfp.o) (_fclose_r)
/usr/lib/arm-none-eabi/newlib/libc.a(lib_a-fstatr.o)
                              /usr/lib/arm-none-eabi/newlib/libc.a(lib_a-makebuf.o) (_fstat_r)
/usr/lib/arm-none-eabi/newlib/libc.a(lib_a-isattyr.o)
                              /usr/lib/arm-none-eabi/newlib/libc.a(lib_a-makebuf.o) (_isatty_r)
/usr/lib/arm-none-eabi/newlib/libc.a(lib_a-lseekr.o)
                              /usr/lib/arm-none-eabi/newlib/libc.a(lib_a-stdio.o) (_lseek_r)
/usr/lib/arm-none-eabi/newlib/libc.a(lib_a-readr.o)
                              /usr/lib/arm-none-eabi/newlib/libc.a(lib_a-stdio.o) (_read_r)

Allocating common symbols
Common symbol       size              file

errno               0x4               /usr/lib/arm-none-eabi/newlib/libc.a(lib_a-reent.o)
a                   0x20              teste.o

Memory Configuration

Name             Origin             Length             Attributes
*default*        0x0000000000000000 0xffffffffffffffff

Linker script and memory map

                0x0000000000008000                . = 0x8000

.text           0x0000000000008000     0x1f78
 *(.text)
 .text          0x0000000000008000       0x60 teste.o
                0x0000000000008000                start
                0x0000000000008034                main
 .text          0x0000000000008060       0x54 sbrk.o
                0x0000000000008060                _sbrk
 .text          0x00000000000080b4       0x40 /usr/lib/arm-none-eabi/newlib/libc.a(lib_a-malloc.o)
                0x00000000000080b4                malloc
                0x00000000000080d4                free
 .text          0x00000000000080f4      0x7b4 /usr/lib/arm-none-eabi/newlib/libc.a(lib_a-mallocr.o)
                0x00000000000080f4                _malloc_r
 .text          0x00000000000088a8      0x118 /usr/lib/arm-none-eabi/newlib/libc.a(lib_a-memset.o)
                0x00000000000088a8                memset
 .text          0x00000000000089c0        0x8 /usr/lib/arm-none-eabi/newlib/libc.a(lib_a-mlock.o)
                0x00000000000089c0                __malloc_lock
                0x00000000000089c4                __malloc_unlock
 .text          0x00000000000089c8       0x3c /usr/lib/arm-none-eabi/newlib/libc.a(lib_a-putchar.o)
                0x00000000000089c8                _putchar_r
                0x00000000000089dc                putchar
 .text          0x0000000000008a04       0x44 /usr/lib/arm-none-eabi/newlib/libc.a(lib_a-sbrkr.o)
                0x0000000000008a04                _sbrk_r
 .text          0x0000000000008a48      0x3e0 /usr/lib/arm-none-eabi/newlib/libc.a(lib_a-freer.o)
                0x0000000000008a48                _malloc_trim_r
                0x0000000000008b48                _free_r
 .text          0x0000000000008e28        0x0 /usr/lib/arm-none-eabi/newlib/libc.a(lib_a-impure.o)
 .text          0x0000000000008e28      0x12c /usr/lib/arm-none-eabi/newlib/libc.a(lib_a-putc.o)
                0x0000000000008e28                _putc_r
                0x0000000000008eb8                putc
 .text          0x0000000000008f54      0x11c /usr/lib/arm-none-eabi/newlib/libc.a(lib_a-reent.o)
                0x0000000000008f54                cleanup_glue
                0x0000000000008f80                _reclaim_reent
 .text          0x0000000000009070      0x14c /usr/lib/arm-none-eabi/newlib/libc.a(lib_a-wbuf.o)
                0x0000000000009070                __swbuf_r
                0x00000000000091a4                __swbuf
 .text          0x00000000000091bc      0x164 /usr/lib/arm-none-eabi/newlib/libc.a(lib_a-wsetup.o)
                0x00000000000091bc                __swsetup_r
 .text          0x0000000000009320      0x2e4 /usr/lib/arm-none-eabi/newlib/libc.a(lib_a-fflush.o)
                0x0000000000009320                __sflush_r
                0x0000000000009570                _fflush_r
                0x00000000000095cc                fflush
 .text          0x0000000000009604      0x340 /usr/lib/arm-none-eabi/newlib/libc.a(lib_a-findfp.o)
                0x000000000000960c                _cleanup_r
                0x0000000000009774                __sfmoreglue
                0x00000000000097c4                __sfp
                0x00000000000098b8                _cleanup
                0x00000000000098dc                __sinit
                0x00000000000098ec                __sfp_lock_acquire
                0x00000000000098f0                __sfp_lock_release
                0x00000000000098f4                __sinit_lock_acquire
                0x00000000000098f8                __sinit_lock_release
                0x00000000000098fc                __fp_lock_all
                0x0000000000009920                __fp_unlock_all
 .text          0x0000000000009944      0x110 /usr/lib/arm-none-eabi/newlib/libc.a(lib_a-fwalk.o)
                0x0000000000009944                _fwalk
                0x00000000000099c8                _fwalk_reent
 .text          0x0000000000009a54      0x1a0 /usr/lib/arm-none-eabi/newlib/libc.a(lib_a-makebuf.o)
                0x0000000000009a54                __swhatbuf_r
                0x0000000000009af4                __smakebuf_r
 .text          0x0000000000009bf4       0xdc /usr/lib/arm-none-eabi/newlib/libc.a(lib_a-stdio.o)
                0x0000000000009bf4                __sread
                0x0000000000009c28                __seofread
                0x0000000000009c30                __swrite
                0x0000000000009c8c                __sseek
                0x0000000000009cbc                __sclose
 .text          0x0000000000009cd0       0x48 /usr/lib/arm-none-eabi/newlib/libc.a(lib_a-writer.o)
                0x0000000000009cd0                _write_r
 .text          0x0000000000009d18       0x3c /usr/lib/arm-none-eabi/newlib/libc.a(lib_a-closer.o)
                0x0000000000009d18                _close_r
 .text          0x0000000000009d54      0x114 /usr/lib/arm-none-eabi/newlib/libc.a(lib_a-fclose.o)
                0x0000000000009d54                _fclose_r
                0x0000000000009e54                fclose
 .text          0x0000000000009e68       0x44 /usr/lib/arm-none-eabi/newlib/libc.a(lib_a-fstatr.o)
                0x0000000000009e68                _fstat_r
 .text          0x0000000000009eac       0x3c /usr/lib/arm-none-eabi/newlib/libc.a(lib_a-isattyr.o)
                0x0000000000009eac                _isatty_r
 .text          0x0000000000009ee8       0x48 /usr/lib/arm-none-eabi/newlib/libc.a(lib_a-lseekr.o)
                0x0000000000009ee8                _lseek_r
 .text          0x0000000000009f30       0x48 /usr/lib/arm-none-eabi/newlib/libc.a(lib_a-readr.o)
                0x0000000000009f30                _read_r

.rodata         0x0000000000009f78        0x4
 .rodata        0x0000000000009f78        0x4 /usr/lib/arm-none-eabi/newlib/libc.a(lib_a-impure.o)
                0x0000000000009f78                _global_impure_ptr

.glue_7         0x0000000000009f7c        0x0
 .glue_7        0x0000000000009f7c        0x0 linker stubs

.glue_7t        0x0000000000009f7c        0x0
 .glue_7t       0x0000000000009f7c        0x0 linker stubs

.vfp11_veneer   0x0000000000009f7c        0x0
 .vfp11_veneer  0x0000000000009f7c        0x0 linker stubs

.v4_bx          0x0000000000009f7c        0x0
 .v4_bx         0x0000000000009f7c        0x0 linker stubs

.iplt           0x0000000000009f7c        0x0
 .iplt          0x0000000000009f7c        0x0 teste.o

.rel.dyn        0x0000000000009f7c        0x0
 .rel.iplt      0x0000000000009f7c        0x0 teste.o
                0x0000000000009f7c                . = ALIGN (0x4)

.data           0x0000000000009f80      0x848
 *(.data)
 .data          0x0000000000009f80        0x0 teste.o
 .data          0x0000000000009f80        0x4 sbrk.o
 .data          0x0000000000009f84        0x0 /usr/lib/arm-none-eabi/newlib/libc.a(lib_a-malloc.o)
 .data          0x0000000000009f84      0x410 /usr/lib/arm-none-eabi/newlib/libc.a(lib_a-mallocr.o)
                0x0000000000009f84                __malloc_av_
                0x000000000000a38c                __malloc_sbrk_base
                0x000000000000a390                __malloc_trim_threshold
 .data          0x000000000000a394        0x0 /usr/lib/arm-none-eabi/newlib/libc.a(lib_a-memset.o)
 .data          0x000000000000a394        0x0 /usr/lib/arm-none-eabi/newlib/libc.a(lib_a-mlock.o)
 .data          0x000000000000a394        0x0 /usr/lib/arm-none-eabi/newlib/libc.a(lib_a-putchar.o)
 .data          0x000000000000a394        0x0 /usr/lib/arm-none-eabi/newlib/libc.a(lib_a-sbrkr.o)
 .data          0x000000000000a394        0x0 /usr/lib/arm-none-eabi/newlib/libc.a(lib_a-freer.o)
 *fill*         0x000000000000a394        0x4 
 .data          0x000000000000a398      0x430 /usr/lib/arm-none-eabi/newlib/libc.a(lib_a-impure.o)
                0x000000000000a398                _impure_ptr
 .data          0x000000000000a7c8        0x0 /usr/lib/arm-none-eabi/newlib/libc.a(lib_a-putc.o)
 .data          0x000000000000a7c8        0x0 /usr/lib/arm-none-eabi/newlib/libc.a(lib_a-reent.o)
 .data          0x000000000000a7c8        0x0 /usr/lib/arm-none-eabi/newlib/libc.a(lib_a-wbuf.o)
 .data          0x000000000000a7c8        0x0 /usr/lib/arm-none-eabi/newlib/libc.a(lib_a-wsetup.o)
 .data          0x000000000000a7c8        0x0 /usr/lib/arm-none-eabi/newlib/libc.a(lib_a-fflush.o)
 .data          0x000000000000a7c8        0x0 /usr/lib/arm-none-eabi/newlib/libc.a(lib_a-findfp.o)
 .data          0x000000000000a7c8        0x0 /usr/lib/arm-none-eabi/newlib/libc.a(lib_a-fwalk.o)
 .data          0x000000000000a7c8        0x0 /usr/lib/arm-none-eabi/newlib/libc.a(lib_a-makebuf.o)
 .data          0x000000000000a7c8        0x0 /usr/lib/arm-none-eabi/newlib/libc.a(lib_a-stdio.o)
 .data          0x000000000000a7c8        0x0 /usr/lib/arm-none-eabi/newlib/libc.a(lib_a-writer.o)
 .data          0x000000000000a7c8        0x0 /usr/lib/arm-none-eabi/newlib/libc.a(lib_a-closer.o)
 .data          0x000000000000a7c8        0x0 /usr/lib/arm-none-eabi/newlib/libc.a(lib_a-fclose.o)
 .data          0x000000000000a7c8        0x0 /usr/lib/arm-none-eabi/newlib/libc.a(lib_a-fstatr.o)
 .data          0x000000000000a7c8        0x0 /usr/lib/arm-none-eabi/newlib/libc.a(lib_a-isattyr.o)
 .data          0x000000000000a7c8        0x0 /usr/lib/arm-none-eabi/newlib/libc.a(lib_a-lseekr.o)
 .data          0x000000000000a7c8        0x0 /usr/lib/arm-none-eabi/newlib/libc.a(lib_a-readr.o)

.igot.plt       0x000000000000a7c8        0x0
 .igot.plt      0x000000000000a7c8        0x0 teste.o
                0x000000000000a7c8                . = ALIGN (0x4)
                0x000000000000a7c8                inicio_bss = .

.bss            0x000000000000a7c8       0x58
 *(.bss*)
 .bss           0x000000000000a7c8        0x0 teste.o
 .bss           0x000000000000a7c8        0x0 sbrk.o
 .bss           0x000000000000a7c8        0x0 /usr/lib/arm-none-eabi/newlib/libc.a(lib_a-malloc.o)
 .bss           0x000000000000a7c8       0x34 /usr/lib/arm-none-eabi/newlib/libc.a(lib_a-mallocr.o)
                0x000000000000a7c8                __malloc_top_pad
                0x000000000000a7cc                __malloc_current_mallinfo
                0x000000000000a7f4                __malloc_max_sbrked_mem
                0x000000000000a7f8                __malloc_max_total_mem
 .bss           0x000000000000a7fc        0x0 /usr/lib/arm-none-eabi/newlib/libc.a(lib_a-memset.o)
 .bss           0x000000000000a7fc        0x0 /usr/lib/arm-none-eabi/newlib/libc.a(lib_a-mlock.o)
 .bss           0x000000000000a7fc        0x0 /usr/lib/arm-none-eabi/newlib/libc.a(lib_a-putchar.o)
 .bss           0x000000000000a7fc        0x0 /usr/lib/arm-none-eabi/newlib/libc.a(lib_a-sbrkr.o)
 .bss           0x000000000000a7fc        0x0 /usr/lib/arm-none-eabi/newlib/libc.a(lib_a-freer.o)
 .bss           0x000000000000a7fc        0x0 /usr/lib/arm-none-eabi/newlib/libc.a(lib_a-impure.o)
 .bss           0x000000000000a7fc        0x0 /usr/lib/arm-none-eabi/newlib/libc.a(lib_a-putc.o)
 .bss           0x000000000000a7fc        0x0 /usr/lib/arm-none-eabi/newlib/libc.a(lib_a-reent.o)
 .bss           0x000000000000a7fc        0x0 /usr/lib/arm-none-eabi/newlib/libc.a(lib_a-wbuf.o)
 .bss           0x000000000000a7fc        0x0 /usr/lib/arm-none-eabi/newlib/libc.a(lib_a-wsetup.o)
 .bss           0x000000000000a7fc        0x0 /usr/lib/arm-none-eabi/newlib/libc.a(lib_a-fflush.o)
 .bss           0x000000000000a7fc        0x0 /usr/lib/arm-none-eabi/newlib/libc.a(lib_a-findfp.o)
 .bss           0x000000000000a7fc        0x0 /usr/lib/arm-none-eabi/newlib/libc.a(lib_a-fwalk.o)
 .bss           0x000000000000a7fc        0x0 /usr/lib/arm-none-eabi/newlib/libc.a(lib_a-makebuf.o)
 .bss           0x000000000000a7fc        0x0 /usr/lib/arm-none-eabi/newlib/libc.a(lib_a-stdio.o)
 .bss           0x000000000000a7fc        0x0 /usr/lib/arm-none-eabi/newlib/libc.a(lib_a-writer.o)
 .bss           0x000000000000a7fc        0x0 /usr/lib/arm-none-eabi/newlib/libc.a(lib_a-closer.o)
 .bss           0x000000000000a7fc        0x0 /usr/lib/arm-none-eabi/newlib/libc.a(lib_a-fclose.o)
 .bss           0x000000000000a7fc        0x0 /usr/lib/arm-none-eabi/newlib/libc.a(lib_a-fstatr.o)
 .bss           0x000000000000a7fc        0x0 /usr/lib/arm-none-eabi/newlib/libc.a(lib_a-isattyr.o)
 .bss           0x000000000000a7fc        0x0 /usr/lib/arm-none-eabi/newlib/libc.a(lib_a-lseekr.o)
 .bss           0x000000000000a7fc        0x0 /usr/lib/arm-none-eabi/newlib/libc.a(lib_a-readr.o)
 COMMON         0x000000000000a7fc       0x20 teste.o
                0x000000000000a7fc                a
 COMMON         0x000000000000a81c        0x4 /usr/lib/arm-none-eabi/newlib/libc.a(lib_a-reent.o)
                0x000000000000a81c                errno
                0x000000000000a820                fim_bss = .
                0x000000000000a820                . = ALIGN (0x8)
                0x000000000000a820                inicio_heap = .
                0x0000000000012820                . = (. + 0x8000)
                0x0000000000012820                inicio_stack = .
LOAD teste.o
LOAD sbrk.o
LOAD /usr/lib/arm-none-eabi/newlib/libc.a
OUTPUT(teste.elf elf32-littlearm)
LOAD linker stubs

.debug_info     0x0000000000000000    0x12cfb
 .debug_info    0x0000000000000000      0x9a3 teste.o
 .debug_info    0x00000000000009a3       0xd7 sbrk.o
 .debug_info    0x0000000000000a7a      0x9b6 /usr/lib/arm-none-eabi/newlib/libc.a(lib_a-malloc.o)
 .debug_info    0x0000000000001430      0xf28 /usr/lib/arm-none-eabi/newlib/libc.a(lib_a-mallocr.o)
 .debug_info    0x0000000000002358      0xf21 /usr/lib/arm-none-eabi/newlib/libc.a(lib_a-memset.o)
 .debug_info    0x0000000000003279      0x961 /usr/lib/arm-none-eabi/newlib/libc.a(lib_a-mlock.o)
 .debug_info    0x0000000000003bda      0xbb5 /usr/lib/arm-none-eabi/newlib/libc.a(lib_a-putchar.o)
 .debug_info    0x000000000000478f      0x9fb /usr/lib/arm-none-eabi/newlib/libc.a(lib_a-sbrkr.o)
 .debug_info    0x000000000000518a      0xd99 /usr/lib/arm-none-eabi/newlib/libc.a(lib_a-freer.o)
 .debug_info    0x0000000000005f23      0x92a /usr/lib/arm-none-eabi/newlib/libc.a(lib_a-impure.o)
 .debug_info    0x000000000000684d      0xd23 /usr/lib/arm-none-eabi/newlib/libc.a(lib_a-putc.o)
 .debug_info    0x0000000000007570      0xac3 /usr/lib/arm-none-eabi/newlib/libc.a(lib_a-reent.o)
 .debug_info    0x0000000000008033      0xc90 /usr/lib/arm-none-eabi/newlib/libc.a(lib_a-wbuf.o)
 .debug_info    0x0000000000008cc3      0xbf3 /usr/lib/arm-none-eabi/newlib/libc.a(lib_a-wsetup.o)
 .debug_info    0x00000000000098b6      0xd7d /usr/lib/arm-none-eabi/newlib/libc.a(lib_a-fflush.o)
 .debug_info    0x000000000000a633     0x114b /usr/lib/arm-none-eabi/newlib/libc.a(lib_a-findfp.o)
 .debug_info    0x000000000000b77e      0xca4 /usr/lib/arm-none-eabi/newlib/libc.a(lib_a-fwalk.o)
 .debug_info    0x000000000000c422      0xf63 /usr/lib/arm-none-eabi/newlib/libc.a(lib_a-makebuf.o)
 .debug_info    0x000000000000d385      0xe6c /usr/lib/arm-none-eabi/newlib/libc.a(lib_a-stdio.o)
 .debug_info    0x000000000000e1f1      0xa2d /usr/lib/arm-none-eabi/newlib/libc.a(lib_a-writer.o)
 .debug_info    0x000000000000ec1e      0x9d8 /usr/lib/arm-none-eabi/newlib/libc.a(lib_a-closer.o)
 .debug_info    0x000000000000f5f6      0xcd5 /usr/lib/arm-none-eabi/newlib/libc.a(lib_a-fclose.o)
 .debug_info    0x00000000000102cb      0xc24 /usr/lib/arm-none-eabi/newlib/libc.a(lib_a-fstatr.o)
 .debug_info    0x0000000000010eef      0x9d8 /usr/lib/arm-none-eabi/newlib/libc.a(lib_a-isattyr.o)
 .debug_info    0x00000000000118c7      0xa0e /usr/lib/arm-none-eabi/newlib/libc.a(lib_a-lseekr.o)
 .debug_info    0x00000000000122d5      0xa26 /usr/lib/arm-none-eabi/newlib/libc.a(lib_a-readr.o)

.debug_abbrev   0x0000000000000000     0x3fc8
 .debug_abbrev  0x0000000000000000      0x20f teste.o
 .debug_abbrev  0x000000000000020f       0xad sbrk.o
 .debug_abbrev  0x00000000000002bc      0x22d /usr/lib/arm-none-eabi/newlib/libc.a(lib_a-malloc.o)
 .debug_abbrev  0x00000000000004e9      0x32a /usr/lib/arm-none-eabi/newlib/libc.a(lib_a-mallocr.o)
 .debug_abbrev  0x0000000000000813      0x217 /usr/lib/arm-none-eabi/newlib/libc.a(lib_a-memset.o)
 .debug_abbrev  0x0000000000000a2a      0x203 /usr/lib/arm-none-eabi/newlib/libc.a(lib_a-mlock.o)
 .debug_abbrev  0x0000000000000c2d      0x268 /usr/lib/arm-none-eabi/newlib/libc.a(lib_a-putchar.o)
 .debug_abbrev  0x0000000000000e95      0x250 /usr/lib/arm-none-eabi/newlib/libc.a(lib_a-sbrkr.o)
 .debug_abbrev  0x00000000000010e5      0x2b9 /usr/lib/arm-none-eabi/newlib/libc.a(lib_a-freer.o)
 .debug_abbrev  0x000000000000139e      0x1b8 /usr/lib/arm-none-eabi/newlib/libc.a(lib_a-impure.o)
 .debug_abbrev  0x0000000000001556      0x2e2 /usr/lib/arm-none-eabi/newlib/libc.a(lib_a-putc.o)
 .debug_abbrev  0x0000000000001838      0x2ba /usr/lib/arm-none-eabi/newlib/libc.a(lib_a-reent.o)
 .debug_abbrev  0x0000000000001af2      0x2c3 /usr/lib/arm-none-eabi/newlib/libc.a(lib_a-wbuf.o)
 .debug_abbrev  0x0000000000001db5      0x283 /usr/lib/arm-none-eabi/newlib/libc.a(lib_a-wsetup.o)
 .debug_abbrev  0x0000000000002038      0x32d /usr/lib/arm-none-eabi/newlib/libc.a(lib_a-fflush.o)
 .debug_abbrev  0x0000000000002365      0x422 /usr/lib/arm-none-eabi/newlib/libc.a(lib_a-findfp.o)
 .debug_abbrev  0x0000000000002787      0x24e /usr/lib/arm-none-eabi/newlib/libc.a(lib_a-fwalk.o)
 .debug_abbrev  0x00000000000029d5      0x334 /usr/lib/arm-none-eabi/newlib/libc.a(lib_a-makebuf.o)
 .debug_abbrev  0x0000000000002d09      0x28d /usr/lib/arm-none-eabi/newlib/libc.a(lib_a-stdio.o)
 .debug_abbrev  0x0000000000002f96      0x22a /usr/lib/arm-none-eabi/newlib/libc.a(lib_a-writer.o)
 .debug_abbrev  0x00000000000031c0      0x225 /usr/lib/arm-none-eabi/newlib/libc.a(lib_a-closer.o)
 .debug_abbrev  0x00000000000033e5      0x327 /usr/lib/arm-none-eabi/newlib/libc.a(lib_a-fclose.o)
 .debug_abbrev  0x000000000000370c      0x239 /usr/lib/arm-none-eabi/newlib/libc.a(lib_a-fstatr.o)
 .debug_abbrev  0x0000000000003945      0x225 /usr/lib/arm-none-eabi/newlib/libc.a(lib_a-isattyr.o)
 .debug_abbrev  0x0000000000003b6a      0x239 /usr/lib/arm-none-eabi/newlib/libc.a(lib_a-lseekr.o)
 .debug_abbrev  0x0000000000003da3      0x225 /usr/lib/arm-none-eabi/newlib/libc.a(lib_a-readr.o)

.debug_aranges  0x0000000000000000      0x338
 .debug_aranges
                0x0000000000000000       0x20 teste.o
 .debug_aranges
                0x0000000000000020       0x20 sbrk.o
 .debug_aranges
                0x0000000000000040       0x20 /usr/lib/arm-none-eabi/newlib/libc.a(lib_a-malloc.o)
 .debug_aranges
                0x0000000000000060       0x20 /usr/lib/arm-none-eabi/newlib/libc.a(lib_a-mallocr.o)
 .debug_aranges
                0x0000000000000080       0x20 /usr/lib/arm-none-eabi/newlib/libc.a(lib_a-memset.o)
 .debug_aranges
                0x00000000000000a0       0x20 /usr/lib/arm-none-eabi/newlib/libc.a(lib_a-mlock.o)
 .debug_aranges
                0x00000000000000c0       0x20 /usr/lib/arm-none-eabi/newlib/libc.a(lib_a-putchar.o)
 .debug_aranges
                0x00000000000000e0       0x20 /usr/lib/arm-none-eabi/newlib/libc.a(lib_a-sbrkr.o)
 .debug_aranges
                0x0000000000000100       0x20 /usr/lib/arm-none-eabi/newlib/libc.a(lib_a-freer.o)
 .debug_aranges
                0x0000000000000120       0x18 /usr/lib/arm-none-eabi/newlib/libc.a(lib_a-impure.o)
 .debug_aranges
                0x0000000000000138       0x20 /usr/lib/arm-none-eabi/newlib/libc.a(lib_a-putc.o)
 .debug_aranges
                0x0000000000000158       0x20 /usr/lib/arm-none-eabi/newlib/libc.a(lib_a-reent.o)
 .debug_aranges
                0x0000000000000178       0x20 /usr/lib/arm-none-eabi/newlib/libc.a(lib_a-wbuf.o)
 .debug_aranges
                0x0000000000000198       0x20 /usr/lib/arm-none-eabi/newlib/libc.a(lib_a-wsetup.o)
 .debug_aranges
                0x00000000000001b8       0x20 /usr/lib/arm-none-eabi/newlib/libc.a(lib_a-fflush.o)
 .debug_aranges
                0x00000000000001d8       0x20 /usr/lib/arm-none-eabi/newlib/libc.a(lib_a-findfp.o)
 .debug_aranges
                0x00000000000001f8       0x20 /usr/lib/arm-none-eabi/newlib/libc.a(lib_a-fwalk.o)
 .debug_aranges
                0x0000000000000218       0x20 /usr/lib/arm-none-eabi/newlib/libc.a(lib_a-makebuf.o)
 .debug_aranges
                0x0000000000000238       0x20 /usr/lib/arm-none-eabi/newlib/libc.a(lib_a-stdio.o)
 .debug_aranges
                0x0000000000000258       0x20 /usr/lib/arm-none-eabi/newlib/libc.a(lib_a-writer.o)
 .debug_aranges
                0x0000000000000278       0x20 /usr/lib/arm-none-eabi/newlib/libc.a(lib_a-closer.o)
 .debug_aranges
                0x0000000000000298       0x20 /usr/lib/arm-none-eabi/newlib/libc.a(lib_a-fclose.o)
 .debug_aranges
                0x00000000000002b8       0x20 /usr/lib/arm-none-eabi/newlib/libc.a(lib_a-fstatr.o)
 .debug_aranges
                0x00000000000002d8       0x20 /usr/lib/arm-none-eabi/newlib/libc.a(lib_a-isattyr.o)
 .debug_aranges
                0x00000000000002f8       0x20 /usr/lib/arm-none-eabi/newlib/libc.a(lib_a-lseekr.o)
 .debug_aranges
                0x0000000000000318       0x20 /usr/lib/arm-none-eabi/newlib/libc.a(lib_a-readr.o)

.debug_line     0x0000000000000000     0x3eb0
 .debug_line    0x0000000000000000       0xee teste.o
 .debug_line    0x00000000000000ee       0x77 sbrk.o
 .debug_line    0x0000000000000165      0x159 /usr/lib/arm-none-eabi/newlib/libc.a(lib_a-malloc.o)
 .debug_line    0x00000000000002be      0x82a /usr/lib/arm-none-eabi/newlib/libc.a(lib_a-mallocr.o)
 .debug_line    0x0000000000000ae8      0x279 /usr/lib/arm-none-eabi/newlib/libc.a(lib_a-memset.o)
 .debug_line    0x0000000000000d61      0x134 /usr/lib/arm-none-eabi/newlib/libc.a(lib_a-mlock.o)
 .debug_line    0x0000000000000e95      0x17c /usr/lib/arm-none-eabi/newlib/libc.a(lib_a-putchar.o)
 .debug_line    0x0000000000001011      0x191 /usr/lib/arm-none-eabi/newlib/libc.a(lib_a-sbrkr.o)
 .debug_line    0x00000000000011a2      0x4d2 /usr/lib/arm-none-eabi/newlib/libc.a(lib_a-freer.o)
 .debug_line    0x0000000000001674       0xda /usr/lib/arm-none-eabi/newlib/libc.a(lib_a-impure.o)
 .debug_line    0x000000000000174e      0x26a /usr/lib/arm-none-eabi/newlib/libc.a(lib_a-putc.o)
 .debug_line    0x00000000000019b8      0x20c /usr/lib/arm-none-eabi/newlib/libc.a(lib_a-reent.o)
 .debug_line    0x0000000000001bc4      0x25c /usr/lib/arm-none-eabi/newlib/libc.a(lib_a-wbuf.o)
 .debug_line    0x0000000000001e20      0x2cf /usr/lib/arm-none-eabi/newlib/libc.a(lib_a-wsetup.o)
 .debug_line    0x00000000000020ef      0x434 /usr/lib/arm-none-eabi/newlib/libc.a(lib_a-fflush.o)
 .debug_line    0x0000000000002523      0x56b /usr/lib/arm-none-eabi/newlib/libc.a(lib_a-findfp.o)
 .debug_line    0x0000000000002a8e      0x26b /usr/lib/arm-none-eabi/newlib/libc.a(lib_a-fwalk.o)
 .debug_line    0x0000000000002cf9      0x37b /usr/lib/arm-none-eabi/newlib/libc.a(lib_a-makebuf.o)
 .debug_line    0x0000000000003074      0x253 /usr/lib/arm-none-eabi/newlib/libc.a(lib_a-stdio.o)
 .debug_line    0x00000000000032c7      0x187 /usr/lib/arm-none-eabi/newlib/libc.a(lib_a-writer.o)
 .debug_line    0x000000000000344e      0x185 /usr/lib/arm-none-eabi/newlib/libc.a(lib_a-closer.o)
 .debug_line    0x00000000000035d3      0x233 /usr/lib/arm-none-eabi/newlib/libc.a(lib_a-fclose.o)
 .debug_line    0x0000000000003806      0x217 /usr/lib/arm-none-eabi/newlib/libc.a(lib_a-fstatr.o)
 .debug_line    0x0000000000003a1d      0x186 /usr/lib/arm-none-eabi/newlib/libc.a(lib_a-isattyr.o)
 .debug_line    0x0000000000003ba3      0x187 /usr/lib/arm-none-eabi/newlib/libc.a(lib_a-lseekr.o)
 .debug_line    0x0000000000003d2a      0x186 /usr/lib/arm-none-eabi/newlib/libc.a(lib_a-readr.o)

.debug_str      0x0000000000000000     0x145b
 .debug_str     0x0000000000000000      0x4bb teste.o
                                        0x556 (size before relaxing)
 .debug_str     0x00000000000004bb       0x23 sbrk.o
                                        0x159 (size before relaxing)
 .debug_str     0x00000000000004de      0x11f /usr/lib/arm-none-eabi/newlib/libc.a(lib_a-malloc.o)
                                        0x5ab (size before relaxing)
 .debug_str     0x00000000000005fd      0x251 /usr/lib/arm-none-eabi/newlib/libc.a(lib_a-mallocr.o)
                                        0x7e2 (size before relaxing)
 .debug_str     0x000000000000084e      0x2fa /usr/lib/arm-none-eabi/newlib/libc.a(lib_a-memset.o)
                                        0x8a7 (size before relaxing)
 .debug_str     0x0000000000000b48       0x43 /usr/lib/arm-none-eabi/newlib/libc.a(lib_a-mlock.o)
                                        0x5a6 (size before relaxing)
 .debug_str     0x0000000000000b8b      0x188 /usr/lib/arm-none-eabi/newlib/libc.a(lib_a-putchar.o)
                                        0x6cb (size before relaxing)
 .debug_str     0x0000000000000d13       0x7b /usr/lib/arm-none-eabi/newlib/libc.a(lib_a-sbrkr.o)
                                        0x5bd (size before relaxing)
 .debug_str     0x0000000000000d8e       0x34 /usr/lib/arm-none-eabi/newlib/libc.a(lib_a-freer.o)
                                        0x75b (size before relaxing)
 .debug_str     0x0000000000000dc2       0x36 /usr/lib/arm-none-eabi/newlib/libc.a(lib_a-impure.o)
                                        0x57a (size before relaxing)
 .debug_str     0x0000000000000df8       0x59 /usr/lib/arm-none-eabi/newlib/libc.a(lib_a-putc.o)
                                        0x6f7 (size before relaxing)
 .debug_str     0x0000000000000e51       0x55 /usr/lib/arm-none-eabi/newlib/libc.a(lib_a-reent.o)
                                        0x5b6 (size before relaxing)
 .debug_str     0x0000000000000ea6       0x46 /usr/lib/arm-none-eabi/newlib/libc.a(lib_a-wbuf.o)
                                        0x703 (size before relaxing)
 .debug_str     0x0000000000000eec       0x37 /usr/lib/arm-none-eabi/newlib/libc.a(lib_a-wsetup.o)
                                        0x6fe (size before relaxing)
 .debug_str     0x0000000000000f23       0x5a /usr/lib/arm-none-eabi/newlib/libc.a(lib_a-fflush.o)
                                        0x72c (size before relaxing)
 .debug_str     0x0000000000000f7d      0x162 /usr/lib/arm-none-eabi/newlib/libc.a(lib_a-findfp.o)
                                        0x83c (size before relaxing)
 .debug_str     0x00000000000010df       0x38 /usr/lib/arm-none-eabi/newlib/libc.a(lib_a-fwalk.o)
                                        0x6f0 (size before relaxing)
 .debug_str     0x0000000000001117      0x163 /usr/lib/arm-none-eabi/newlib/libc.a(lib_a-makebuf.o)
                                        0x871 (size before relaxing)
 .debug_str     0x000000000000127a       0x89 /usr/lib/arm-none-eabi/newlib/libc.a(lib_a-stdio.o)
                                        0x744 (size before relaxing)
 .debug_str     0x0000000000001303       0x2a /usr/lib/arm-none-eabi/newlib/libc.a(lib_a-writer.o)
                                        0x5ba (size before relaxing)
 .debug_str     0x000000000000132d       0x2a /usr/lib/arm-none-eabi/newlib/libc.a(lib_a-closer.o)
                                        0x5aa (size before relaxing)
 .debug_str     0x0000000000001357       0x40 /usr/lib/arm-none-eabi/newlib/libc.a(lib_a-fclose.o)
                                        0x715 (size before relaxing)
 .debug_str     0x0000000000001397       0x37 /usr/lib/arm-none-eabi/newlib/libc.a(lib_a-fstatr.o)
                                        0x718 (size before relaxing)
 .debug_str     0x00000000000013ce       0x33 /usr/lib/arm-none-eabi/newlib/libc.a(lib_a-isattyr.o)
                                        0x5b4 (size before relaxing)
 .debug_str     0x0000000000001401       0x31 /usr/lib/arm-none-eabi/newlib/libc.a(lib_a-lseekr.o)
                                        0x5b8 (size before relaxing)
 .debug_str     0x0000000000001432       0x29 /usr/lib/arm-none-eabi/newlib/libc.a(lib_a-readr.o)
                                        0x5b8 (size before relaxing)

.comment        0x0000000000000000       0xa7
 .comment       0x0000000000000000       0x59 teste.o
                                         0x5a (size before relaxing)
 .comment       0x0000000000000059       0x5a sbrk.o
 .comment       0x0000000000000059       0x4e /usr/lib/arm-none-eabi/newlib/libc.a(lib_a-malloc.o)
                                         0x4f (size before relaxing)
 .comment       0x00000000000000a7       0x4f /usr/lib/arm-none-eabi/newlib/libc.a(lib_a-mallocr.o)
 .comment       0x00000000000000a7       0x4f /usr/lib/arm-none-eabi/newlib/libc.a(lib_a-memset.o)
 .comment       0x00000000000000a7       0x4f /usr/lib/arm-none-eabi/newlib/libc.a(lib_a-mlock.o)
 .comment       0x00000000000000a7       0x4f /usr/lib/arm-none-eabi/newlib/libc.a(lib_a-putchar.o)
 .comment       0x00000000000000a7       0x4f /usr/lib/arm-none-eabi/newlib/libc.a(lib_a-sbrkr.o)
 .comment       0x00000000000000a7       0x4f /usr/lib/arm-none-eabi/newlib/libc.a(lib_a-freer.o)
 .comment       0x00000000000000a7       0x4f /usr/lib/arm-none-eabi/newlib/libc.a(lib_a-impure.o)
 .comment       0x00000000000000a7       0x4f /usr/lib/arm-none-eabi/newlib/libc.a(lib_a-putc.o)
 .comment       0x00000000000000a7       0x4f /usr/lib/arm-none-eabi/newlib/libc.a(lib_a-reent.o)
 .comment       0x00000000000000a7       0x4f /usr/lib/arm-none-eabi/newlib/libc.a(lib_a-wbuf.o)
 .comment       0x00000000000000a7       0x4f /usr/lib/arm-none-eabi/newlib/libc.a(lib_a-wsetup.o)
 .comment       0x00000000000000a7       0x4f /usr/lib/arm-none-eabi/newlib/libc.a(lib_a-fflush.o)
 .comment       0x00000000000000a7       0x4f /usr/lib/arm-none-eabi/newlib/libc.a(lib_a-findfp.o)
 .comment       0x00000000000000a7       0x4f /usr/lib/arm-none-eabi/newlib/libc.a(lib_a-fwalk.o)
 .comment       0x00000000000000a7       0x4f /usr/lib/arm-none-eabi/newlib/libc.a(lib_a-makebuf.o)
 .comment       0x00000000000000a7       0x4f /usr/lib/arm-none-eabi/newlib/libc.a(lib_a-stdio.o)
 .comment       0x00000000000000a7       0x4f /usr/lib/arm-none-eabi/newlib/libc.a(lib_a-writer.o)
 .comment       0x00000000000000a7       0x4f /usr/lib/arm-none-eabi/newlib/libc.a(lib_a-closer.o)
 .comment       0x00000000000000a7       0x4f /usr/lib/arm-none-eabi/newlib/libc.a(lib_a-fclose.o)
 .comment       0x00000000000000a7       0x4f /usr/lib/arm-none-eabi/newlib/libc.a(lib_a-fstatr.o)
 .comment       0x00000000000000a7       0x4f /usr/lib/arm-none-eabi/newlib/libc.a(lib_a-isattyr.o)
 .comment       0x00000000000000a7       0x4f /usr/lib/arm-none-eabi/newlib/libc.a(lib_a-lseekr.o)
 .comment       0x00000000000000a7       0x4f /usr/lib/arm-none-eabi/newlib/libc.a(lib_a-readr.o)

.ARM.attributes
                0x0000000000000000       0x2f
 .ARM.attributes
                0x0000000000000000       0x2f teste.o
 .ARM.attributes
                0x000000000000002f       0x2f sbrk.o
 .ARM.attributes
                0x000000000000005e       0x2a /usr/lib/arm-none-eabi/newlib/libc.a(lib_a-malloc.o)
 .ARM.attributes
                0x0000000000000088       0x2a /usr/lib/arm-none-eabi/newlib/libc.a(lib_a-mallocr.o)
 .ARM.attributes
                0x00000000000000b2       0x2a /usr/lib/arm-none-eabi/newlib/libc.a(lib_a-memset.o)
 .ARM.attributes
                0x00000000000000dc       0x2a /usr/lib/arm-none-eabi/newlib/libc.a(lib_a-mlock.o)
 .ARM.attributes
                0x0000000000000106       0x2a /usr/lib/arm-none-eabi/newlib/libc.a(lib_a-putchar.o)
 .ARM.attributes
                0x0000000000000130       0x2a /usr/lib/arm-none-eabi/newlib/libc.a(lib_a-sbrkr.o)
 .ARM.attributes
                0x000000000000015a       0x2a /usr/lib/arm-none-eabi/newlib/libc.a(lib_a-freer.o)
 .ARM.attributes
                0x0000000000000184       0x30 /usr/lib/arm-none-eabi/newlib/libc.a(lib_a-impure.o)
 .ARM.attributes
                0x00000000000001b4       0x2a /usr/lib/arm-none-eabi/newlib/libc.a(lib_a-putc.o)
 .ARM.attributes
                0x00000000000001de       0x2a /usr/lib/arm-none-eabi/newlib/libc.a(lib_a-reent.o)
 .ARM.attributes
                0x0000000000000208       0x2a /usr/lib/arm-none-eabi/newlib/libc.a(lib_a-wbuf.o)
 .ARM.attributes
                0x0000000000000232       0x2a /usr/lib/arm-none-eabi/newlib/libc.a(lib_a-wsetup.o)
 .ARM.attributes
                0x000000000000025c       0x2a /usr/lib/arm-none-eabi/newlib/libc.a(lib_a-fflush.o)
 .ARM.attributes
                0x0000000000000286       0x2a /usr/lib/arm-none-eabi/newlib/libc.a(lib_a-findfp.o)
 .ARM.attributes
                0x00000000000002b0       0x2a /usr/lib/arm-none-eabi/newlib/libc.a(lib_a-fwalk.o)
 .ARM.attributes
                0x00000000000002da       0x2a /usr/lib/arm-none-eabi/newlib/libc.a(lib_a-makebuf.o)
 .ARM.attributes
                0x0000000000000304       0x2a /usr/lib/arm-none-eabi/newlib/libc.a(lib_a-stdio.o)
 .ARM.attributes
                0x000000000000032e       0x2a /usr/lib/arm-none-eabi/newlib/libc.a(lib_a-writer.o)
 .ARM.attributes
                0x0000000000000358       0x2a /usr/lib/arm-none-eabi/newlib/libc.a(lib_a-closer.o)
 .ARM.attributes
                0x0000000000000382       0x2a /usr/lib/arm-none-eabi/newlib/libc.a(lib_a-fclose.o)
 .ARM.attributes
                0x00000000000003ac       0x2a /usr/lib/arm-none-eabi/newlib/libc.a(lib_a-fstatr.o)
 .ARM.attributes
                0x00000000000003d6       0x2a /usr/lib/arm-none-eabi/newlib/libc.a(lib_a-isattyr.o)
 .ARM.attributes
                0x0000000000000400       0x2a /usr/lib/arm-none-eabi/newlib/libc.a(lib_a-lseekr.o)
 .ARM.attributes
                0x000000000000042a       0x2a /usr/lib/arm-none-eabi/newlib/libc.a(lib_a-readr.o)

.debug_frame    0x0000000000000000      0x93c
 .debug_frame   0x0000000000000000       0x3c teste.o
 .debug_frame   0x000000000000003c       0x30 sbrk.o
 .debug_frame   0x000000000000006c       0x48 /usr/lib/arm-none-eabi/newlib/libc.a(lib_a-malloc.o)
 .debug_frame   0x00000000000000b4       0x70 /usr/lib/arm-none-eabi/newlib/libc.a(lib_a-mallocr.o)
 .debug_frame   0x0000000000000124       0x48 /usr/lib/arm-none-eabi/newlib/libc.a(lib_a-memset.o)
 .debug_frame   0x000000000000016c       0x30 /usr/lib/arm-none-eabi/newlib/libc.a(lib_a-mlock.o)
 .debug_frame   0x000000000000019c       0x48 /usr/lib/arm-none-eabi/newlib/libc.a(lib_a-putchar.o)
 .debug_frame   0x00000000000001e4       0x3c /usr/lib/arm-none-eabi/newlib/libc.a(lib_a-sbrkr.o)
 .debug_frame   0x0000000000000220       0x74 /usr/lib/arm-none-eabi/newlib/libc.a(lib_a-freer.o)
 .debug_frame   0x0000000000000294       0x70 /usr/lib/arm-none-eabi/newlib/libc.a(lib_a-putc.o)
 .debug_frame   0x0000000000000304       0x64 /usr/lib/arm-none-eabi/newlib/libc.a(lib_a-reent.o)
 .debug_frame   0x0000000000000368       0x4c /usr/lib/arm-none-eabi/newlib/libc.a(lib_a-wbuf.o)
 .debug_frame   0x00000000000003b4       0x40 /usr/lib/arm-none-eabi/newlib/libc.a(lib_a-wsetup.o)
 .debug_frame   0x00000000000003f4       0xa0 /usr/lib/arm-none-eabi/newlib/libc.a(lib_a-fflush.o)
 .debug_frame   0x0000000000000494      0x174 /usr/lib/arm-none-eabi/newlib/libc.a(lib_a-findfp.o)
 .debug_frame   0x0000000000000608       0x80 /usr/lib/arm-none-eabi/newlib/libc.a(lib_a-fwalk.o)
 .debug_frame   0x0000000000000688       0x8c /usr/lib/arm-none-eabi/newlib/libc.a(lib_a-makebuf.o)
 .debug_frame   0x0000000000000714       0xa0 /usr/lib/arm-none-eabi/newlib/libc.a(lib_a-stdio.o)
 .debug_frame   0x00000000000007b4       0x34 /usr/lib/arm-none-eabi/newlib/libc.a(lib_a-writer.o)
 .debug_frame   0x00000000000007e8       0x34 /usr/lib/arm-none-eabi/newlib/libc.a(lib_a-closer.o)
 .debug_frame   0x000000000000081c       0x50 /usr/lib/arm-none-eabi/newlib/libc.a(lib_a-fclose.o)
 .debug_frame   0x000000000000086c       0x34 /usr/lib/arm-none-eabi/newlib/libc.a(lib_a-fstatr.o)
 .debug_frame   0x00000000000008a0       0x34 /usr/lib/arm-none-eabi/newlib/libc.a(lib_a-isattyr.o)
 .debug_frame   0x00000000000008d4       0x34 /usr/lib/arm-none-eabi/newlib/libc.a(lib_a-lseekr.o)
 .debug_frame   0x0000000000000908       0x34 /usr/lib/arm-none-eabi/newlib/libc.a(lib_a-readr.o)

.debug_loc      0x0000000000000000     0x3644
 .debug_loc     0x0000000000000000       0x64 /usr/lib/arm-none-eabi/newlib/libc.a(lib_a-malloc.o)
 .debug_loc     0x0000000000000064      0xd17 /usr/lib/arm-none-eabi/newlib/libc.a(lib_a-mallocr.o)
 .debug_loc     0x0000000000000d7b      0x2a5 /usr/lib/arm-none-eabi/newlib/libc.a(lib_a-memset.o)
 .debug_loc     0x0000000000001020       0x91 /usr/lib/arm-none-eabi/newlib/libc.a(lib_a-putchar.o)
 .debug_loc     0x00000000000010b1       0x89 /usr/lib/arm-none-eabi/newlib/libc.a(lib_a-sbrkr.o)
 .debug_loc     0x000000000000113a      0x5df /usr/lib/arm-none-eabi/newlib/libc.a(lib_a-freer.o)
 .debug_loc     0x0000000000001719      0x416 /usr/lib/arm-none-eabi/newlib/libc.a(lib_a-putc.o)
 .debug_loc     0x0000000000001b2f      0x13b /usr/lib/arm-none-eabi/newlib/libc.a(lib_a-reent.o)
 .debug_loc     0x0000000000001c6a      0x211 /usr/lib/arm-none-eabi/newlib/libc.a(lib_a-wbuf.o)
 .debug_loc     0x0000000000001e7b       0xf4 /usr/lib/arm-none-eabi/newlib/libc.a(lib_a-wsetup.o)
 .debug_loc     0x0000000000001f6f      0x3cb /usr/lib/arm-none-eabi/newlib/libc.a(lib_a-fflush.o)
 .debug_loc     0x000000000000233a      0x34f /usr/lib/arm-none-eabi/newlib/libc.a(lib_a-findfp.o)
 .debug_loc     0x0000000000002689      0x2d9 /usr/lib/arm-none-eabi/newlib/libc.a(lib_a-fwalk.o)
 .debug_loc     0x0000000000002962      0x36b /usr/lib/arm-none-eabi/newlib/libc.a(lib_a-makebuf.o)
 .debug_loc     0x0000000000002ccd      0x3db /usr/lib/arm-none-eabi/newlib/libc.a(lib_a-stdio.o)
 .debug_loc     0x00000000000030a8       0xd0 /usr/lib/arm-none-eabi/newlib/libc.a(lib_a-writer.o)
 .debug_loc     0x0000000000003178       0x6c /usr/lib/arm-none-eabi/newlib/libc.a(lib_a-closer.o)
 .debug_loc     0x00000000000031e4      0x1b6 /usr/lib/arm-none-eabi/newlib/libc.a(lib_a-fclose.o)
 .debug_loc     0x000000000000339a       0x9e /usr/lib/arm-none-eabi/newlib/libc.a(lib_a-fstatr.o)
 .debug_loc     0x0000000000003438       0x6c /usr/lib/arm-none-eabi/newlib/libc.a(lib_a-isattyr.o)
 .debug_loc     0x00000000000034a4       0xd0 /usr/lib/arm-none-eabi/newlib/libc.a(lib_a-lseekr.o)
 .debug_loc     0x0000000000003574       0xd0 /usr/lib/arm-none-eabi/newlib/libc.a(lib_a-readr.o)

.debug_ranges   0x0000000000000000      0x298
 .debug_ranges  0x0000000000000000       0x30 /usr/lib/arm-none-eabi/newlib/libc.a(lib_a-mallocr.o)
 .debug_ranges  0x0000000000000030       0x78 /usr/lib/arm-none-eabi/newlib/libc.a(lib_a-putc.o)
 .debug_ranges  0x00000000000000a8       0x28 /usr/lib/arm-none-eabi/newlib/libc.a(lib_a-wbuf.o)
 .debug_ranges  0x00000000000000d0       0x20 /usr/lib/arm-none-eabi/newlib/libc.a(lib_a-wsetup.o)
 .debug_ranges  0x00000000000000f0       0x40 /usr/lib/arm-none-eabi/newlib/libc.a(lib_a-fflush.o)
 .debug_ranges  0x0000000000000130      0x118 /usr/lib/arm-none-eabi/newlib/libc.a(lib_a-findfp.o)
 .debug_ranges  0x0000000000000248       0x18 /usr/lib/arm-none-eabi/newlib/libc.a(lib_a-makebuf.o)
 .debug_ranges  0x0000000000000260       0x38 /usr/lib/arm-none-eabi/newlib/libc.a(lib_a-fclose.o)
